SEQUENCE_ID=fusion1_chr1_137232_*_chr1_138152
SEQUENCE_TEMPLATE=AGGGGCTCACGCTGACCTCTGTCCACGTGGGAGGGGCCGGTGTGAGGCAAGGGGCTCACACTGACCTCTCTCAGCGTGGGAGGGGCCGGTGTGAGGCAAGGGGCTCACGCTGACCTCTGTCCGCGTGGGAGGGGCCGGTGTGAGGCAAGGGTCCGCTGTGAGGCAGAGGCTGGGCCTGTGCAGGCCTTCGGGAGGCAGGAGGCTGGGCCTTGTCGAGGCCTGCAGAGGCCACCGAAAGTCAAAAGCGGGGCTTGGGAAGGCCGCCGGGAGGCATGAGCTGGGCTGGGCCGAAAGAGGCCAC
SEQUENCE_TARGET=149,1
PRIMER_NUM_RETURN=20
PRIMER_MIN_THREE_PRIME_DISTANCE=1
PRIMER_PRODUCT_SIZE_RANGE=50-180
PRIMER_MIN_TM=58
PRIMER_MAX_TM=60
PRIMER_OPT_TM=59
PRIMER_PAIR_MAX_DIFF_TM=2
PRIMER_MIN_GC=30
PRIMER_MAX_GC=80
PRIMER_OPT_GC_PERCENT=50
SEQUENCE_EXCLUDED_REGION=6,6 18,1 22,5 29,4 39,7 47,1 52,1 54,7 67,4 74,5 81,1 88,6 172,5 178,8 188,3 192,4 197,1 203,1 206,4 212,3 216,8 225,5
PRIMER_LEFT_EXPLAIN=considered 169, overlap excluded region 94, GC content failed 30, high tm 3, long poly-x seq 2, ok 2
PRIMER_RIGHT_EXPLAIN=considered 180, overlap excluded region 74, GC content failed 16, high tm 29, long poly-x seq 10, ok 1
PRIMER_PAIR_EXPLAIN=considered 1, primer in pair overlaps a primer in a better pair 1, ok 1
PRIMER_LEFT_NUM_RETURNED=1
PRIMER_RIGHT_NUM_RETURNED=1
PRIMER_INTERNAL_NUM_RETURNED=0
PRIMER_PAIR_NUM_RETURNED=1
PRIMER_PAIR_0_PENALTY=7.998407
PRIMER_LEFT_0_PENALTY=3.579179
PRIMER_RIGHT_0_PENALTY=4.419228
PRIMER_LEFT_0_SEQUENCE=CTCACGCTGACCTCTGT
PRIMER_RIGHT_0_SEQUENCE=CAGCCTCTGCCTCACA
PRIMER_LEFT_0=103,17
PRIMER_RIGHT_0=171,16
PRIMER_LEFT_0_TM=59.579
PRIMER_RIGHT_0_TM=59.419
PRIMER_LEFT_0_GC_PERCENT=58.824
PRIMER_RIGHT_0_GC_PERCENT=62.500
PRIMER_LEFT_0_SELF_ANY_TH=0.00
PRIMER_RIGHT_0_SELF_ANY_TH=0.00
PRIMER_LEFT_0_SELF_END_TH=0.00
PRIMER_RIGHT_0_SELF_END_TH=0.00
PRIMER_LEFT_0_HAIRPIN_TH=0.00
PRIMER_RIGHT_0_HAIRPIN_TH=39.27
PRIMER_LEFT_0_END_STABILITY=3.4100
PRIMER_RIGHT_0_END_STABILITY=3.5800
PRIMER_PAIR_0_COMPL_ANY_TH=0.00
PRIMER_PAIR_0_COMPL_END_TH=0.00
PRIMER_PAIR_0_PRODUCT_SIZE=69
PRIMER_PAIR_0_PRODUCT_TM=90.1
=
