SEQUENCE_ID=fusion0_chr1_16606_*_chr1_17055
SEQUENCE_TEMPLATE=ACTATTTTATGAACCAAGTAGAACAAGATATTTGAAATGGAAACTATTCAAAAAATTGAGAATTTCTGACCACTTAACAAACCCACAGAAAATCCACCCGAGTGCACTGAGCACGCCAGAAATCAGGTGGCCTCAAAGAGCTGCTCCCACCCTGCAAGATTAGGCAGGGACATGTGAGAGGTGACAGGGACCTGCAGGGGCAGCCAACAAGACCTTGTGTGCACCTCCCATGGGTGGAATAAGGGGCCCAACAGCCTTGACTGGAGAGGAGCTCTGGCAAGGCCCTGGGCCACTGCACCTG
SEQUENCE_TARGET=149,1
PRIMER_NUM_RETURN=20
PRIMER_MIN_THREE_PRIME_DISTANCE=1
PRIMER_PRODUCT_SIZE_RANGE=50-180
PRIMER_MIN_TM=58
PRIMER_MAX_TM=60
PRIMER_OPT_TM=59
PRIMER_PAIR_MAX_DIFF_TM=2
PRIMER_MIN_GC=30
PRIMER_MAX_GC=80
PRIMER_OPT_GC_PERCENT=50
SEQUENCE_EXCLUDED_REGION=149,6 156,1 160,1 163,6 244,5 253,6 277,6 286,5
PRIMER_LEFT_EXPLAIN=considered 1104, GC content failed 640, low tm 164, high tm 197, long poly-x seq 10, ok 42
PRIMER_RIGHT_EXPLAIN=considered 328, overlap excluded region 74, low tm 20, high tm 166, high hairpin stability 4, long poly-x seq 5, ok 11
PRIMER_PAIR_EXPLAIN=considered 12, primer in pair overlaps a primer in a better pair 110, ok 12
PRIMER_LEFT_NUM_RETURNED=10
PRIMER_RIGHT_NUM_RETURNED=10
PRIMER_INTERNAL_NUM_RETURNED=0
PRIMER_PAIR_NUM_RETURNED=10
PRIMER_PAIR_0_PENALTY=2.351948
PRIMER_LEFT_0_PENALTY=0.060290
PRIMER_RIGHT_0_PENALTY=2.291658
PRIMER_LEFT_0_SEQUENCE=CCACTTAACAAACCCACAGA
PRIMER_RIGHT_0_SEQUENCE=CCCTGTCACCTCTCACAT
PRIMER_LEFT_0=69,20
PRIMER_RIGHT_0=188,18
PRIMER_LEFT_0_TM=59.060
PRIMER_RIGHT_0_TM=59.292
PRIMER_LEFT_0_GC_PERCENT=45.000
PRIMER_RIGHT_0_GC_PERCENT=55.556
PRIMER_LEFT_0_SELF_ANY_TH=0.00
PRIMER_RIGHT_0_SELF_ANY_TH=0.00
PRIMER_LEFT_0_SELF_END_TH=0.00
PRIMER_RIGHT_0_SELF_END_TH=0.00
PRIMER_LEFT_0_HAIRPIN_TH=0.00
PRIMER_RIGHT_0_HAIRPIN_TH=0.00
PRIMER_LEFT_0_END_STABILITY=3.4100
PRIMER_RIGHT_0_END_STABILITY=3.2100
PRIMER_PAIR_0_COMPL_ANY_TH=0.00
PRIMER_PAIR_0_COMPL_END_TH=0.00
PRIMER_PAIR_0_PRODUCT_SIZE=120
PRIMER_PAIR_0_PRODUCT_TM=87.8
PRIMER_PAIR_1_PENALTY=4.006546
PRIMER_LEFT_1_PENALTY=1.054505
PRIMER_RIGHT_1_PENALTY=2.952042
PRIMER_LEFT_1_SEQUENCE=AAATCAGGTGGCCTCAAAG
PRIMER_RIGHT_1_SEQUENCE=GGTGCACACAAGGTCTTG
PRIMER_LEFT_1=119,19
PRIMER_RIGHT_1=224,18
PRIMER_LEFT_1_TM=59.055
PRIMER_RIGHT_1_TM=59.952
PRIMER_LEFT_1_GC_PERCENT=47.368
PRIMER_RIGHT_1_GC_PERCENT=55.556
PRIMER_LEFT_1_SELF_ANY_TH=9.25
PRIMER_RIGHT_1_SELF_ANY_TH=25.53
PRIMER_LEFT_1_SELF_END_TH=0.00
PRIMER_RIGHT_1_SELF_END_TH=13.28
PRIMER_LEFT_1_HAIRPIN_TH=0.00
PRIMER_RIGHT_1_HAIRPIN_TH=45.91
PRIMER_LEFT_1_END_STABILITY=2.7700
PRIMER_RIGHT_1_END_STABILITY=3.0200
PRIMER_PAIR_1_COMPL_ANY_TH=0.00
PRIMER_PAIR_1_COMPL_END_TH=0.00
PRIMER_PAIR_1_PRODUCT_SIZE=106
PRIMER_PAIR_1_PRODUCT_TM=88.2
PRIMER_PAIR_2_PENALTY=4.018810
PRIMER_LEFT_2_PENALTY=1.057623
PRIMER_RIGHT_2_PENALTY=2.961186
PRIMER_LEFT_2_SEQUENCE=GAAATCAGGTGGCCTCAAA
PRIMER_RIGHT_2_SEQUENCE=CCTGTCACCTCTCACATG
PRIMER_LEFT_2=118,19
PRIMER_RIGHT_2=187,18
PRIMER_LEFT_2_TM=59.058
PRIMER_RIGHT_2_TM=58.039
PRIMER_LEFT_2_GC_PERCENT=47.368
PRIMER_RIGHT_2_GC_PERCENT=55.556
PRIMER_LEFT_2_SELF_ANY_TH=9.25
PRIMER_RIGHT_2_SELF_ANY_TH=0.00
PRIMER_LEFT_2_SELF_END_TH=0.00
PRIMER_RIGHT_2_SELF_END_TH=0.00
PRIMER_LEFT_2_HAIRPIN_TH=0.00
PRIMER_RIGHT_2_HAIRPIN_TH=0.00
PRIMER_LEFT_2_END_STABILITY=2.6900
PRIMER_RIGHT_2_END_STABILITY=3.2100
PRIMER_PAIR_2_COMPL_ANY_TH=0.00
PRIMER_PAIR_2_COMPL_END_TH=0.00
PRIMER_PAIR_2_PRODUCT_SIZE=70
PRIMER_PAIR_2_PRODUCT_TM=84.6
PRIMER_PAIR_3_PENALTY=5.053413
PRIMER_LEFT_3_PENALTY=1.758033
PRIMER_RIGHT_3_PENALTY=3.295380
PRIMER_LEFT_3_SEQUENCE=CCACTTAACAAACCCACAGAA
PRIMER_RIGHT_3_SEQUENCE=CCCTGTCACCTCTCACA
PRIMER_LEFT_3=69,21
PRIMER_RIGHT_3=188,17
PRIMER_LEFT_3_TM=59.758
PRIMER_RIGHT_3_TM=58.705
PRIMER_LEFT_3_GC_PERCENT=42.857
PRIMER_RIGHT_3_GC_PERCENT=58.824
PRIMER_LEFT_3_SELF_ANY_TH=0.00
PRIMER_RIGHT_3_SELF_ANY_TH=0.00
PRIMER_LEFT_3_SELF_END_TH=0.00
PRIMER_RIGHT_3_SELF_END_TH=0.00
PRIMER_LEFT_3_HAIRPIN_TH=0.00
PRIMER_RIGHT_3_HAIRPIN_TH=0.00
PRIMER_LEFT_3_END_STABILITY=3.0200
PRIMER_RIGHT_3_END_STABILITY=3.5800
PRIMER_PAIR_3_COMPL_ANY_TH=0.00
PRIMER_PAIR_3_COMPL_END_TH=0.00
PRIMER_PAIR_3_PRODUCT_SIZE=120
PRIMER_PAIR_3_PRODUCT_TM=87.8
PRIMER_PAIR_4_PENALTY=5.615877
PRIMER_LEFT_4_PENALTY=1.974612
PRIMER_RIGHT_4_PENALTY=3.641265
PRIMER_LEFT_4_SEQUENCE=AATCAGGTGGCCTCAAAGA
PRIMER_RIGHT_4_SEQUENCE=GTCCCTGTCACCTCTCA
PRIMER_LEFT_4=120,19
PRIMER_RIGHT_4=190,17
PRIMER_LEFT_4_TM=59.975
PRIMER_RIGHT_4_TM=58.359
PRIMER_LEFT_4_GC_PERCENT=47.368
PRIMER_RIGHT_4_GC_PERCENT=58.824
PRIMER_LEFT_4_SELF_ANY_TH=9.25
PRIMER_RIGHT_4_SELF_ANY_TH=0.00
PRIMER_LEFT_4_SELF_END_TH=4.17
PRIMER_RIGHT_4_SELF_END_TH=0.00
PRIMER_LEFT_4_HAIRPIN_TH=0.00
PRIMER_RIGHT_4_HAIRPIN_TH=0.00
PRIMER_LEFT_4_END_STABILITY=2.5200
PRIMER_RIGHT_4_END_STABILITY=3.2700
PRIMER_PAIR_4_COMPL_ANY_TH=0.00
PRIMER_PAIR_4_COMPL_END_TH=0.00
PRIMER_PAIR_4_PRODUCT_SIZE=71
PRIMER_PAIR_4_PRODUCT_TM=84.9
PRIMER_PAIR_5_PENALTY=5.670838
PRIMER_LEFT_5_PENALTY=1.974612
PRIMER_RIGHT_5_PENALTY=3.696226
PRIMER_LEFT_5_SEQUENCE=AGAAATCAGGTGGCCTCAA
PRIMER_RIGHT_5_SEQUENCE=GGTGCACACAAGGTCTT
PRIMER_LEFT_5=117,19
PRIMER_RIGHT_5=224,17
PRIMER_LEFT_5_TM=59.975
PRIMER_RIGHT_5_TM=58.304
PRIMER_LEFT_5_GC_PERCENT=47.368
PRIMER_RIGHT_5_GC_PERCENT=52.941
PRIMER_LEFT_5_SELF_ANY_TH=9.25
PRIMER_RIGHT_5_SELF_ANY_TH=25.53
PRIMER_LEFT_5_SELF_END_TH=0.00
PRIMER_RIGHT_5_SELF_END_TH=0.00
PRIMER_LEFT_5_HAIRPIN_TH=0.00
PRIMER_RIGHT_5_HAIRPIN_TH=0.00
PRIMER_LEFT_5_END_STABILITY=3.0200
PRIMER_RIGHT_5_END_STABILITY=3.0100
PRIMER_PAIR_5_COMPL_ANY_TH=0.00
PRIMER_PAIR_5_COMPL_END_TH=0.00
PRIMER_PAIR_5_PRODUCT_SIZE=108
PRIMER_PAIR_5_PRODUCT_TM=88.3
PRIMER_PAIR_6_PENALTY=6.527617
PRIMER_LEFT_6_PENALTY=2.796588
PRIMER_RIGHT_6_PENALTY=3.731029
PRIMER_LEFT_6_SEQUENCE=ATTTCTGACCACTTAACAAACC
PRIMER_RIGHT_6_SEQUENCE=ATGGGAGGTGCACACAA
PRIMER_LEFT_6=61,22
PRIMER_RIGHT_6=230,17
PRIMER_LEFT_6_TM=58.203
PRIMER_RIGHT_6_TM=59.731
PRIMER_LEFT_6_GC_PERCENT=36.364
PRIMER_RIGHT_6_GC_PERCENT=52.941
PRIMER_LEFT_6_SELF_ANY_TH=0.00
PRIMER_RIGHT_6_SELF_ANY_TH=25.53
PRIMER_LEFT_6_SELF_END_TH=0.00
PRIMER_RIGHT_6_SELF_END_TH=6.64
PRIMER_LEFT_6_HAIRPIN_TH=0.00
PRIMER_RIGHT_6_HAIRPIN_TH=29.84
PRIMER_LEFT_6_END_STABILITY=3.2700
PRIMER_RIGHT_6_END_STABILITY=3.3300
PRIMER_PAIR_6_COMPL_ANY_TH=0.00
PRIMER_PAIR_6_COMPL_END_TH=0.00
PRIMER_PAIR_6_PRODUCT_SIZE=170
PRIMER_PAIR_6_PRODUCT_TM=89.2
PRIMER_PAIR_7_PENALTY=6.917921
PRIMER_LEFT_7_PENALTY=2.877000
PRIMER_RIGHT_7_PENALTY=4.040921
PRIMER_LEFT_7_SEQUENCE=GAGCACGCCAGAAATCAG
PRIMER_RIGHT_7_SEQUENCE=CTGCAGGTCCCTGTCA
PRIMER_LEFT_7=108,18
PRIMER_RIGHT_7=196,16
PRIMER_LEFT_7_TM=59.877
PRIMER_RIGHT_7_TM=58.959
PRIMER_LEFT_7_GC_PERCENT=55.556
PRIMER_RIGHT_7_GC_PERCENT=62.500
PRIMER_LEFT_7_SELF_ANY_TH=0.00
PRIMER_RIGHT_7_SELF_ANY_TH=18.96
PRIMER_LEFT_7_SELF_END_TH=0.00
PRIMER_RIGHT_7_SELF_END_TH=15.45
PRIMER_LEFT_7_HAIRPIN_TH=0.00
PRIMER_RIGHT_7_HAIRPIN_TH=45.89
PRIMER_LEFT_7_END_STABILITY=2.9000
PRIMER_RIGHT_7_END_STABILITY=3.5800
PRIMER_PAIR_7_COMPL_ANY_TH=0.00
PRIMER_PAIR_7_COMPL_END_TH=0.00
PRIMER_PAIR_7_PRODUCT_SIZE=89
PRIMER_PAIR_7_PRODUCT_TM=87.5
PRIMER_PAIR_8_PENALTY=7.029018
PRIMER_LEFT_8_PENALTY=2.877000
PRIMER_RIGHT_8_PENALTY=4.152018
PRIMER_LEFT_8_SEQUENCE=CTGAGCACGCCAGAAATC
PRIMER_RIGHT_8_SEQUENCE=ATGGGAGGTGCACACA
PRIMER_LEFT_8=106,18
PRIMER_RIGHT_8=230,16
PRIMER_LEFT_8_TM=59.877
PRIMER_RIGHT_8_TM=58.848
PRIMER_LEFT_8_GC_PERCENT=55.556
PRIMER_RIGHT_8_GC_PERCENT=56.250
PRIMER_LEFT_8_SELF_ANY_TH=6.48
PRIMER_RIGHT_8_SELF_ANY_TH=25.53
PRIMER_LEFT_8_SELF_END_TH=0.00
PRIMER_RIGHT_8_SELF_END_TH=16.40
PRIMER_LEFT_8_HAIRPIN_TH=34.40
PRIMER_RIGHT_8_HAIRPIN_TH=29.84
PRIMER_LEFT_8_END_STABILITY=2.1700
PRIMER_RIGHT_8_END_STABILITY=3.7200
PRIMER_PAIR_8_COMPL_ANY_TH=12.95
PRIMER_PAIR_8_COMPL_END_TH=8.25
PRIMER_PAIR_8_PRODUCT_SIZE=125
PRIMER_PAIR_8_PRODUCT_TM=89.4
PRIMER_PAIR_9_PENALTY=7.668367
PRIMER_LEFT_9_PENALTY=2.944613
PRIMER_RIGHT_9_PENALTY=4.723753
PRIMER_LEFT_9_SEQUENCE=TCAGGTGGCCTCAAAGAG
PRIMER_RIGHT_9_SEQUENCE=GGGAGGTGCACACAAG
PRIMER_LEFT_9=122,18
PRIMER_RIGHT_9=228,16
PRIMER_LEFT_9_TM=59.945
PRIMER_RIGHT_9_TM=58.276
PRIMER_LEFT_9_GC_PERCENT=55.556
PRIMER_RIGHT_9_GC_PERCENT=62.500
PRIMER_LEFT_9_SELF_ANY_TH=9.25
PRIMER_RIGHT_9_SELF_ANY_TH=25.53
PRIMER_LEFT_9_SELF_END_TH=0.00
PRIMER_RIGHT_9_SELF_END_TH=0.00
PRIMER_LEFT_9_HAIRPIN_TH=0.00
PRIMER_RIGHT_9_HAIRPIN_TH=0.00
PRIMER_LEFT_9_END_STABILITY=2.8500
PRIMER_RIGHT_9_END_STABILITY=3.1600
PRIMER_PAIR_9_COMPL_ANY_TH=11.88
PRIMER_PAIR_9_COMPL_END_TH=3.74
PRIMER_PAIR_9_PRODUCT_SIZE=107
PRIMER_PAIR_9_PRODUCT_TM=89.2
=
