SEQUENCE_ID=fusion2_chr1_17690_*_chr1_17980
SEQUENCE_TEMPLATE=TGGGTCCCCACTAAGCCAGGCCGGGCCTCCCGCCCACACCCCTCGGCCCTGCCCTCTGGCCATACAGGTTCTCGGTGGTGTTGAAGAGCAGCAAGGAGCTGACAGAGCTGATGTTGCTGGGAAGACCCCCAAGTCCCTCTTCTGCATCGTCGCCAGGGTCCTGGGCGCCCGTGAAGATGGAGCCATATTCCTGCAGGCGCCCTGGAGCAGGGTACTTGGCACTGGAGAACACCTGTGGACACAGGGACAAGTCTGAGGGGGCCCCAAGAGGCTCAGAGGGCTAGGATTGCTTGGCAGGAGA
SEQUENCE_TARGET=149,1
PRIMER_NUM_RETURN=20
PRIMER_MIN_THREE_PRIME_DISTANCE=1
PRIMER_PRODUCT_SIZE_RANGE=50-180
PRIMER_MIN_TM=58
PRIMER_MAX_TM=60
PRIMER_OPT_TM=59
PRIMER_PAIR_MAX_DIFF_TM=2
PRIMER_MIN_GC=30
PRIMER_MAX_GC=80
PRIMER_OPT_GC_PERCENT=50
SEQUENCE_EXCLUDED_REGION=19,1 22,3 28,3 32,1 38,6 46,1 49,6 56,2 59,2 64,4 69,3 73,4 118,3 125,3 153,1 156,1 158,3 162,6 196,6 203,3 207,1 209,1 219,4 225,3 231,4 236,2 239,2 242,4 247,2 250,1 254,6
PRIMER_LEFT_EXPLAIN=considered 256, overlap excluded region 104, low tm 23, high tm 97, high hairpin stability 4, long poly-x seq 1, ok 4
PRIMER_RIGHT_EXPLAIN=considered 237, overlap excluded region 103, low tm 35, high tm 63, ok 11
PRIMER_PAIR_EXPLAIN=considered 5, primer in pair overlaps a primer in a better pair 43, ok 5
PRIMER_LEFT_NUM_RETURNED=4
PRIMER_RIGHT_NUM_RETURNED=4
PRIMER_INTERNAL_NUM_RETURNED=0
PRIMER_PAIR_NUM_RETURNED=4
PRIMER_PAIR_0_PENALTY=2.746018
PRIMER_LEFT_0_PENALTY=1.911041
PRIMER_RIGHT_0_PENALTY=0.834976
PRIMER_LEFT_0_SEQUENCE=GCTGACAGAGCTGATGTTG
PRIMER_RIGHT_0_SEQUENCE=GGAATATGGCTCCATCTTCA
PRIMER_LEFT_0=97,19
PRIMER_RIGHT_0=190,20
PRIMER_LEFT_0_TM=59.911
PRIMER_RIGHT_0_TM=58.165
PRIMER_LEFT_0_GC_PERCENT=52.632
PRIMER_RIGHT_0_GC_PERCENT=45.000
PRIMER_LEFT_0_SELF_ANY_TH=12.21
PRIMER_RIGHT_0_SELF_ANY_TH=24.68
PRIMER_LEFT_0_SELF_END_TH=0.00
PRIMER_RIGHT_0_SELF_END_TH=5.65
PRIMER_LEFT_0_HAIRPIN_TH=46.01
PRIMER_RIGHT_0_HAIRPIN_TH=40.72
PRIMER_LEFT_0_END_STABILITY=3.3300
PRIMER_RIGHT_0_END_STABILITY=3.0200
PRIMER_PAIR_0_COMPL_ANY_TH=0.00
PRIMER_PAIR_0_COMPL_END_TH=0.00
PRIMER_PAIR_0_PRODUCT_SIZE=94
PRIMER_PAIR_0_PRODUCT_TM=88.8
PRIMER_PAIR_1_PENALTY=3.248174
PRIMER_LEFT_1_PENALTY=2.407831
PRIMER_RIGHT_1_PENALTY=0.840344
PRIMER_LEFT_1_SEQUENCE=GTTGAAGAGCAGCAAGGA
PRIMER_RIGHT_1_SEQUENCE=CAGGAATATGGCTCCATCTT
PRIMER_LEFT_1=79,18
PRIMER_RIGHT_1=192,20
PRIMER_LEFT_1_TM=58.592
PRIMER_RIGHT_1_TM=58.160
PRIMER_LEFT_1_GC_PERCENT=50.000
PRIMER_RIGHT_1_GC_PERCENT=45.000
PRIMER_LEFT_1_SELF_ANY_TH=0.00
PRIMER_RIGHT_1_SELF_ANY_TH=9.66
PRIMER_LEFT_1_SELF_END_TH=0.00
PRIMER_RIGHT_1_SELF_END_TH=6.74
PRIMER_LEFT_1_HAIRPIN_TH=0.00
PRIMER_RIGHT_1_HAIRPIN_TH=38.48
PRIMER_LEFT_1_END_STABILITY=3.3600
PRIMER_RIGHT_1_END_STABILITY=2.4000
PRIMER_PAIR_1_COMPL_ANY_TH=0.00
PRIMER_PAIR_1_COMPL_END_TH=0.00
PRIMER_PAIR_1_PRODUCT_SIZE=114
PRIMER_PAIR_1_PRODUCT_TM=89.1
PRIMER_PAIR_2_PENALTY=3.985158
PRIMER_LEFT_2_PENALTY=2.641940
PRIMER_RIGHT_2_PENALTY=1.343218
PRIMER_LEFT_2_SEQUENCE=GACAGAGCTGATGTTGCT
PRIMER_RIGHT_2_SEQUENCE=CAGGAATATGGCTCCATCTTC
PRIMER_LEFT_2=100,18
PRIMER_RIGHT_2=192,21
PRIMER_LEFT_2_TM=58.358
PRIMER_RIGHT_2_TM=59.343
PRIMER_LEFT_2_GC_PERCENT=50.000
PRIMER_RIGHT_2_GC_PERCENT=47.619
PRIMER_LEFT_2_SELF_ANY_TH=9.18
PRIMER_RIGHT_2_SELF_ANY_TH=18.75
PRIMER_LEFT_2_SELF_END_TH=0.00
PRIMER_RIGHT_2_SELF_END_TH=18.75
PRIMER_LEFT_2_HAIRPIN_TH=44.66
PRIMER_RIGHT_2_HAIRPIN_TH=39.05
PRIMER_LEFT_2_END_STABILITY=3.9100
PRIMER_RIGHT_2_END_STABILITY=2.8700
PRIMER_PAIR_2_COMPL_ANY_TH=0.00
PRIMER_PAIR_2_COMPL_END_TH=6.81
PRIMER_PAIR_2_PRODUCT_SIZE=93
PRIMER_PAIR_2_PRODUCT_TM=88.5
PRIMER_PAIR_3_PENALTY=4.264043
PRIMER_LEFT_3_PENALTY=2.641940
PRIMER_RIGHT_3_PENALTY=1.622103
PRIMER_LEFT_3_SEQUENCE=GCTGACAGAGCTGATGTT
PRIMER_RIGHT_3_SEQUENCE=GGAATATGGCTCCATCTTCAC
PRIMER_LEFT_3=97,18
PRIMER_RIGHT_3=190,21
PRIMER_LEFT_3_TM=58.358
PRIMER_RIGHT_3_TM=59.622
PRIMER_LEFT_3_GC_PERCENT=50.000
PRIMER_RIGHT_3_GC_PERCENT=47.619
PRIMER_LEFT_3_SELF_ANY_TH=12.21
PRIMER_RIGHT_3_SELF_ANY_TH=24.68
PRIMER_LEFT_3_SELF_END_TH=0.00
PRIMER_RIGHT_3_SELF_END_TH=15.05
PRIMER_LEFT_3_HAIRPIN_TH=46.01
PRIMER_RIGHT_3_HAIRPIN_TH=40.72
PRIMER_LEFT_3_END_STABILITY=2.7100
PRIMER_RIGHT_3_END_STABILITY=3.1800
PRIMER_PAIR_3_COMPL_ANY_TH=0.00
PRIMER_PAIR_3_COMPL_END_TH=0.00
PRIMER_PAIR_3_PRODUCT_SIZE=94
PRIMER_PAIR_3_PRODUCT_TM=88.8
=
