fusion0	2	GAAATCAGGTGGCCTCAAA	CCTGTCACCTCTCACATG	118	19	187	18	59.058	58.039	47.368	55.556	GAAATCAGGTGGCCTCAAAGAGCTGCTCCCACCCTGCAAGATTAGGCAGGGACATGTGAGAGGTGACAGG	PASS
fusion0	4	AATCAGGTGGCCTCAAAGA	GTCCCTGTCACCTCTCA	120	19	190	17	59.975	58.359	47.368	58.824	AATCAGGTGGCCTCAAAGAGCTGCTCCCACCCTGCAAGATTAGGCAGGGACATGTGAGAGGTGACAGGGAC	PASS
fusion0	7	GAGCACGCCAGAAATCAG	CTGCAGGTCCCTGTCA	108	18	196	16	59.877	58.959	55.556	62.500	GAGCACGCCAGAAATCAGGTGGCCTCAAAGAGCTGCTCCCACCCTGCAAGATTAGGCAGGGACATGTGAGAGGTGACAGGGACCTGCAG	PASS
fusion0	1	AAATCAGGTGGCCTCAAAG	GGTGCACACAAGGTCTTG	119	19	224	18	59.055	59.952	47.368	55.556	AAATCAGGTGGCCTCAAAGAGCTGCTCCCACCCTGCAAGATTAGGCAGGGACATGTGAGAGGTGACAGGGACCTGCAGGGGCAGCCAACAAGACCTTGTGTGCACC	PASS
fusion0	9	TCAGGTGGCCTCAAAGAG	GGGAGGTGCACACAAG	122	18	228	16	59.945	58.276	55.556	62.500	TCAGGTGGCCTCAAAGAGCTGCTCCCACCCTGCAAGATTAGGCAGGGACATGTGAGAGGTGACAGGGACCTGCAGGGGCAGCCAACAAGACCTTGTGTGCACCTCCC	PASS
fusion0	5	AGAAATCAGGTGGCCTCAA	GGTGCACACAAGGTCTT	117	19	224	17	59.975	58.304	47.368	52.941	AGAAATCAGGTGGCCTCAAAGAGCTGCTCCCACCCTGCAAGATTAGGCAGGGACATGTGAGAGGTGACAGGGACCTGCAGGGGCAGCCAACAAGACCTTGTGTGCACC	PASS
fusion0	0	CCACTTAACAAACCCACAGA	CCCTGTCACCTCTCACAT	69	20	188	18	59.060	59.292	45.000	55.556	CCACTTAACAAACCCACAGAAAATCCACCCGAGTGCACTGAGCACGCCAGAAATCAGGTGGCCTCAAAGAGCTGCTCCCACCCTGCAAGATTAGGCAGGGACATGTGAGAGGTGACAGGG	PASS
fusion0	3	CCACTTAACAAACCCACAGAA	CCCTGTCACCTCTCACA	69	21	188	17	59.758	58.705	42.857	58.824	CCACTTAACAAACCCACAGAAAATCCACCCGAGTGCACTGAGCACGCCAGAAATCAGGTGGCCTCAAAGAGCTGCTCCCACCCTGCAAGATTAGGCAGGGACATGTGAGAGGTGACAGGG	PASS
fusion0	8	CTGAGCACGCCAGAAATC	ATGGGAGGTGCACACA	106	18	230	16	59.877	58.848	55.556	56.250	CTGAGCACGCCAGAAATCAGGTGGCCTCAAAGAGCTGCTCCCACCCTGCAAGATTAGGCAGGGACATGTGAGAGGTGACAGGGACCTGCAGGGGCAGCCAACAAGACCTTGTGTGCACCTCCCAT	PASS
fusion0	6	ATTTCTGACCACTTAACAAACC	ATGGGAGGTGCACACAA	61	22	230	17	58.203	59.731	36.364	52.941	ATTTCTGACCACTTAACAAACCCACAGAAAATCCACCCGAGTGCACTGAGCACGCCAGAAATCAGGTGGCCTCAAAGAGCTGCTCCCACCCTGCAAGATTAGGCAGGGACATGTGAGAGGTGACAGGGACCTGCAGGGGCAGCCAACAAGACCTTGTGTGCACCTCCCAT	FAIL_fold_amplicon
