fusion2	2	GACAGAGCTGATGTTGCT	CAGGAATATGGCTCCATCTTC	100	18	192	21	58.358	59.343	50.000	47.619	GACAGAGCTGATGTTGCTGGGAAGACCCCCAAGTCCCTCTTCTGCATCGTCGCCAGGGTCCTGGGCGCCCGTGAAGATGGAGCCATATTCCTG	PASS
fusion2	0	GCTGACAGAGCTGATGTTG	GGAATATGGCTCCATCTTCA	97	19	190	20	59.911	58.165	52.632	45.000	GCTGACAGAGCTGATGTTGCTGGGAAGACCCCCAAGTCCCTCTTCTGCATCGTCGCCAGGGTCCTGGGCGCCCGTGAAGATGGAGCCATATTCC	PASS
fusion2	3	GCTGACAGAGCTGATGTT	GGAATATGGCTCCATCTTCAC	97	18	190	21	58.358	59.622	50.000	47.619	GCTGACAGAGCTGATGTTGCTGGGAAGACCCCCAAGTCCCTCTTCTGCATCGTCGCCAGGGTCCTGGGCGCCCGTGAAGATGGAGCCATATTCC	PASS
fusion2	1	GTTGAAGAGCAGCAAGGA	CAGGAATATGGCTCCATCTT	79	18	192	20	58.592	58.160	50.000	45.000	GTTGAAGAGCAGCAAGGAGCTGACAGAGCTGATGTTGCTGGGAAGACCCCCAAGTCCCTCTTCTGCATCGTCGCCAGGGTCCTGGGCGCCCGTGAAGATGGAGCCATATTCCTG	PASS
