fusion1	0	CTCACGCTGACCTCTGT	CAGCCTCTGCCTCACA	103	17	171	16	59.579	59.419	58.824	62.500	CTCACGCTGACCTCTGTCCGCGTGGGAGGGGCCGGTGTGAGGCAAGGGTCCGCTGTGAGGCAGAGGCTG	PASS
