fusion_ID	primer_ID	FWD	REV	FWD_posistion	FWD_length	REV_position	REV_length	primer_left_TM	primer_right_TM	primer_left_GC_perc	primer_right_GC_perc	amplicon	filter	left_annotation	right_annotation 	splicing
fusion1	0	CTCACGCTGACCTCTGT	CAGCCTCTGCCTCACA	103	17	171	16	59.579	59.419	58.824	62.500	CTCACGCTGACCTCTGTCCGCGTGGGAGGGGCCGGTGTGAGGCAAGGGTCCGCTGTGAGGCAGAGGCTG	PASS	intronic	intronic	unspliced
fusion2	2	GACAGAGCTGATGTTGCT	CAGGAATATGGCTCCATCTTC	100	18	192	21	58.358	59.343	50.000	47.619	GACAGAGCTGATGTTGCTGGGAAGACCCCCAAGTCCCTCTTCTGCATCGTCGCCAGGGTCCTGGGCGCCCGTGAAGATGGAGCCATATTCCTG	PASS	intronic	intronic	unspliced
fusion0	2	GAAATCAGGTGGCCTCAAA	CCTGTCACCTCTCACATG	118	19	187	18	59.058	58.039	47.368	55.556	GAAATCAGGTGGCCTCAAAGAGCTGCTCCCACCCTGCAAGATTAGGCAGGGACATGTGAGAGGTGACAGG	PASS	intronic	intronic	unspliced
